// Jest Snapshot v1, https://goo.gl/fbAQLP

exports[`the account balances component renders correctly 1`] = `
<div
  className="account-balances"
>
  <div
    className="react-tabs"
    data-tabs={true}
    onClick={[Function]}
    onKeyDown={[Function]}
  >
    <ul
      className="react-tabs__tab-list"
      role="tablist"
    >
      <li
        aria-controls="react-tabs-1"
        aria-disabled="false"
        aria-selected="true"
        className="react-tabs__tab react-tabs__tab--selected"
        id="react-tabs-0"
        role="tab"
        tabIndex="0"
      >
        Shares
      </li>
      <li
        aria-controls="react-tabs-3"
        aria-disabled="false"
        aria-selected="false"
        className="react-tabs__tab"
        id="react-tabs-2"
        role="tab"
        tabIndex={null}
      >
        Loans
      </li>
      <li
        aria-controls="react-tabs-5"
        aria-disabled="false"
        aria-selected="false"
        className="react-tabs__tab"
        id="react-tabs-4"
        role="tab"
        tabIndex={null}
      >
        Certificates
      </li>
    </ul>
    <div
      aria-labelledby="react-tabs-0"
      className="react-tabs__tab-panel react-tabs__tab-panel--selected"
      id="react-tabs-1"
      role="tabpanel"
    >
      <div
        className="react-data-table sc-ckVGcZ gVZomo"
        style={Object {}}
      >
        <div
          className="sc-eNQAEJ fWmJgw"
        >
          <div
            className="rdt_Table sc-bdVaJa bTnnmE"
            disabled={false}
          >
            <div
              className="rdt_TableHead sc-bwzfXH gXdTHx"
            >
              <div
                className="rdt_TableHeadRow sc-bxivhb bojDWV"
              >
                <div
                  className="sc-ifAKCX sc-EHOje rdt_TableCol sc-VigVT jCkXQs"
                  id="column-undefined"
                  onClick={[Function]}
                />
                <div
                  className="sc-ifAKCX sc-EHOje rdt_TableCol sc-VigVT jCkXQs"
                  id="column-name"
                  onClick={[Function]}
                >
                  <div
                    className="sc-jTzLTM frKpZh"
                  >
                    Account Description
                  </div>
                </div>
                <div
                  className="sc-ifAKCX sc-EHOje rdt_TableCol sc-VigVT jCkXQs"
                  id="column-balance"
                  onClick={[Function]}
                >
                  <div
                    className="sc-jTzLTM frKpZh"
                  >
                    Balance
                  </div>
                </div>
              </div>
            </div>
            <div
              className="rdt_TableBody sc-dxgOiQ gXekDi"
              offset="250px"
            >
              <div
                className="rdt_TableRow sc-gqjmRU dGyVpY"
                onClick={[Function]}
              >
                <div
                  className="sc-ifAKCX sc-EHOje rdt_TableCell sc-bZQynM cxOakP"
                >
                  <div
                    className="react-data-table--cell-content"
                  >
                    <div
                      className="btn-group"
                      onKeyDown={[Function]}
                    >
                      <button
                        aria-expanded={false}
                        aria-haspopup={true}
                        aria-label={null}
                        className="dropdown-toggle btn btn-secondary"
                        onClick={[Function]}
                        type="button"
                      >
                        Transfer
                      </button>
                      <div
                        aria-hidden={true}
                        className="dropdown-menu"
                        role="menu"
                        tabIndex="-1"
                      >
                        <a
                          className="dropdown-item"
                          href=""
                          onClick={[Function]}
                          role="menuitem"
                          tabIndex="0"
                        >
                          Share-to-Share
                        </a>
                        <a
                          className="dropdown-item"
                          href=""
                          onClick={[Function]}
                          role="menuitem"
                          tabIndex="0"
                        >
                          Share-to-Loan
                        </a>
                        <a
                          className="dropdown-item"
                          href=""
                          onClick={[Function]}
                          role="menuitem"
                          tabIndex="0"
                        >
                          Loan-to-Share
                        </a>
                      </div>
                    </div>
                  </div>
                </div>
                <div
                  className="sc-ifAKCX sc-EHOje rdt_TableCell sc-bZQynM cgAqRg"
                >
                  <div
                    className="sc-gzVnrw jltdJX"
                    data-tag="___react-data-table--click-clip___"
                  />
                  <div
                    className="react-data-table--cell-content"
                  >
                    Test Account
                  </div>
                </div>
                <div
                  className="sc-ifAKCX sc-EHOje rdt_TableCell sc-bZQynM cgAqRg"
                >
                  <div
                    className="sc-gzVnrw jltdJX"
                    data-tag="___react-data-table--click-clip___"
                  />
                  <div
                    className="react-data-table--cell-content"
                  >
                    $3,000.55
                  </div>
                </div>
              </div>
              <div
                className="rdt_TableRow sc-gqjmRU dGyVpY"
                onClick={[Function]}
              >
                <div
                  className="sc-ifAKCX sc-EHOje rdt_TableCell sc-bZQynM cxOakP"
                >
                  <div
                    className="react-data-table--cell-content"
                  >
                    <div
                      className="btn-group"
                      onKeyDown={[Function]}
                    >
                      <button
                        aria-expanded={false}
                        aria-haspopup={true}
                        aria-label={null}
                        className="dropdown-toggle btn btn-secondary"
                        onClick={[Function]}
                        type="button"
                      >
                        Transfer
                      </button>
                      <div
                        aria-hidden={true}
                        className="dropdown-menu"
                        role="menu"
                        tabIndex="-1"
                      >
                        <a
                          className="dropdown-item"
                          href=""
                          onClick={[Function]}
                          role="menuitem"
                          tabIndex="0"
                        >
                          Share-to-Share
                        </a>
                        <a
                          className="dropdown-item"
                          href=""
                          onClick={[Function]}
                          role="menuitem"
                          tabIndex="0"
                        >
                          Share-to-Loan
                        </a>
                        <a
                          className="dropdown-item"
                          href=""
                          onClick={[Function]}
                          role="menuitem"
                          tabIndex="0"
                        >
                          Loan-to-Share
                        </a>
                      </div>
                    </div>
                  </div>
                </div>
                <div
                  className="sc-ifAKCX sc-EHOje rdt_TableCell sc-bZQynM cgAqRg"
                >
                  <div
                    className="sc-gzVnrw jltdJX"
                    data-tag="___react-data-table--click-clip___"
                  />
                  <div
                    className="react-data-table--cell-content"
                  >
                    Test Account 2
                  </div>
                </div>
                <div
                  className="sc-ifAKCX sc-EHOje rdt_TableCell sc-bZQynM cgAqRg"
                >
                  <div
                    className="sc-gzVnrw jltdJX"
                    data-tag="___react-data-table--click-clip___"
                  />
                  <div
                    className="react-data-table--cell-content"
                  >
                    $30,000.55
                  </div>
                </div>
              </div>
              <div
                className="rdt_TableRow sc-gqjmRU dGyVpY"
                onClick={[Function]}
              >
                <div
                  className="sc-ifAKCX sc-EHOje rdt_TableCell sc-bZQynM cxOakP"
                >
                  <div
                    className="react-data-table--cell-content"
                  >
                    <div
                      className="btn-group"
                      onKeyDown={[Function]}
                    >
                      <button
                        aria-expanded={false}
                        aria-haspopup={true}
                        aria-label={null}
                        className="dropdown-toggle btn btn-secondary"
                        onClick={[Function]}
                        type="button"
                      >
                        Transfer
                      </button>
                      <div
                        aria-hidden={true}
                        className="dropdown-menu"
                        role="menu"
                        tabIndex="-1"
                      >
                        <a
                          className="dropdown-item"
                          href=""
                          onClick={[Function]}
                          role="menuitem"
                          tabIndex="0"
                        >
                          Share-to-Share
                        </a>
                        <a
                          className="dropdown-item"
                          href=""
                          onClick={[Function]}
                          role="menuitem"
                          tabIndex="0"
                        >
                          Share-to-Loan
                        </a>
                        <a
                          className="dropdown-item"
                          href=""
                          onClick={[Function]}
                          role="menuitem"
                          tabIndex="0"
                        >
                          Loan-to-Share
                        </a>
                      </div>
                    </div>
                  </div>
                </div>
                <div
                  className="sc-ifAKCX sc-EHOje rdt_TableCell sc-bZQynM cgAqRg"
                >
                  <div
                    className="sc-gzVnrw jltdJX"
                    data-tag="___react-data-table--click-clip___"
                  />
                  <div
                    className="react-data-table--cell-content"
                  >
                    Test Account 3
                  </div>
                </div>
                <div
                  className="sc-ifAKCX sc-EHOje rdt_TableCell sc-bZQynM cgAqRg"
                >
                  <div
                    className="sc-gzVnrw jltdJX"
                    data-tag="___react-data-table--click-clip___"
                  />
                  <div
                    className="react-data-table--cell-content"
                  >
                    $15,000.55
                  </div>
                </div>
              </div>
              <div
                className="rdt_TableRow sc-gqjmRU dGyVpY"
                onClick={[Function]}
              >
                <div
                  className="sc-ifAKCX sc-EHOje rdt_TableCell sc-bZQynM cxOakP"
                >
                  <div
                    className="react-data-table--cell-content"
                  >
                    <div
                      className="btn-group"
                      onKeyDown={[Function]}
                    >
                      <button
                        aria-expanded={false}
                        aria-haspopup={true}
                        aria-label={null}
                        className="dropdown-toggle btn btn-secondary"
                        onClick={[Function]}
                        type="button"
                      >
                        Transfer
                      </button>
                      <div
                        aria-hidden={true}
                        className="dropdown-menu"
                        role="menu"
                        tabIndex="-1"
                      >
                        <a
                          className="dropdown-item"
                          href=""
                          onClick={[Function]}
                          role="menuitem"
                          tabIndex="0"
                        >
                          Share-to-Share
                        </a>
                        <a
                          className="dropdown-item"
                          href=""
                          onClick={[Function]}
                          role="menuitem"
                          tabIndex="0"
                        >
                          Share-to-Loan
                        </a>
                        <a
                          className="dropdown-item"
                          href=""
                          onClick={[Function]}
                          role="menuitem"
                          tabIndex="0"
                        >
                          Loan-to-Share
                        </a>
                      </div>
                    </div>
                  </div>
                </div>
                <div
                  className="sc-ifAKCX sc-EHOje rdt_TableCell sc-bZQynM cgAqRg"
                >
                  <div
                    className="sc-gzVnrw jltdJX"
                    data-tag="___react-data-table--click-clip___"
                  />
                  <div
                    className="react-data-table--cell-content"
                  >
                    Test Account 4
                  </div>
                </div>
                <div
                  className="sc-ifAKCX sc-EHOje rdt_TableCell sc-bZQynM cgAqRg"
                >
                  <div
                    className="sc-gzVnrw jltdJX"
                    data-tag="___react-data-table--click-clip___"
                  />
                  <div
                    className="react-data-table--cell-content"
                  >
                    $3,045.55
                  </div>
                </div>
              </div>
              <div
                className="rdt_TableRow sc-gqjmRU dGyVpY"
                onClick={[Function]}
              >
                <div
                  className="sc-ifAKCX sc-EHOje rdt_TableCell sc-bZQynM cxOakP"
                >
                  <div
                    className="react-data-table--cell-content"
                  >
                    <div
                      className="btn-group"
                      onKeyDown={[Function]}
                    >
                      <button
                        aria-expanded={false}
                        aria-haspopup={true}
                        aria-label={null}
                        className="dropdown-toggle btn btn-secondary"
                        onClick={[Function]}
                        type="button"
                      >
                        Transfer
                      </button>
                      <div
                        aria-hidden={true}
                        className="dropdown-menu"
                        role="menu"
                        tabIndex="-1"
                      >
                        <a
                          className="dropdown-item"
                          href=""
                          onClick={[Function]}
                          role="menuitem"
                          tabIndex="0"
                        >
                          Share-to-Share
                        </a>
                        <a
                          className="dropdown-item"
                          href=""
                          onClick={[Function]}
                          role="menuitem"
                          tabIndex="0"
                        >
                          Share-to-Loan
                        </a>
                        <a
                          className="dropdown-item"
                          href=""
                          onClick={[Function]}
                          role="menuitem"
                          tabIndex="0"
                        >
                          Loan-to-Share
                        </a>
                      </div>
                    </div>
                  </div>
                </div>
                <div
                  className="sc-ifAKCX sc-EHOje rdt_TableCell sc-bZQynM cgAqRg"
                >
                  <div
                    className="sc-gzVnrw jltdJX"
                    data-tag="___react-data-table--click-clip___"
                  />
                  <div
                    className="react-data-table--cell-content"
                  >
                    Test Account 5
                  </div>
                </div>
                <div
                  className="sc-ifAKCX sc-EHOje rdt_TableCell sc-bZQynM cgAqRg"
                >
                  <div
                    className="sc-gzVnrw jltdJX"
                    data-tag="___react-data-table--click-clip___"
                  />
                  <div
                    className="react-data-table--cell-content"
                  >
                    $6,000.55
                  </div>
                </div>
              </div>
              <div
                className="rdt_TableRow sc-gqjmRU dGyVpY"
                onClick={[Function]}
              >
                <div
                  className="sc-ifAKCX sc-EHOje rdt_TableCell sc-bZQynM cxOakP"
                >
                  <div
                    className="react-data-table--cell-content"
                  >
                    <div
                      className="btn-group"
                      onKeyDown={[Function]}
                    >
                      <button
                        aria-expanded={false}
                        aria-haspopup={true}
                        aria-label={null}
                        className="dropdown-toggle btn btn-secondary"
                        onClick={[Function]}
                        type="button"
                      >
                        Transfer
                      </button>
                      <div
                        aria-hidden={true}
                        className="dropdown-menu"
                        role="menu"
                        tabIndex="-1"
                      >
                        <a
                          className="dropdown-item"
                          href=""
                          onClick={[Function]}
                          role="menuitem"
                          tabIndex="0"
                        >
                          Share-to-Share
                        </a>
                        <a
                          className="dropdown-item"
                          href=""
                          onClick={[Function]}
                          role="menuitem"
                          tabIndex="0"
                        >
                          Share-to-Loan
                        </a>
                        <a
                          className="dropdown-item"
                          href=""
                          onClick={[Function]}
                          role="menuitem"
                          tabIndex="0"
                        >
                          Loan-to-Share
                        </a>
                      </div>
                    </div>
                  </div>
                </div>
                <div
                  className="sc-ifAKCX sc-EHOje rdt_TableCell sc-bZQynM cgAqRg"
                >
                  <div
                    className="sc-gzVnrw jltdJX"
                    data-tag="___react-data-table--click-clip___"
                  />
                  <div
                    className="react-data-table--cell-content"
                  >
                    Test Account 6
                  </div>
                </div>
                <div
                  className="sc-ifAKCX sc-EHOje rdt_TableCell sc-bZQynM cgAqRg"
                >
                  <div
                    className="sc-gzVnrw jltdJX"
                    data-tag="___react-data-table--click-clip___"
                  />
                  <div
                    className="react-data-table--cell-content"
                  >
                    $2,340.55
                  </div>
                </div>
              </div>
              <div
                className="rdt_TableRow sc-gqjmRU dGyVpY"
                onClick={[Function]}
              >
                <div
                  className="sc-ifAKCX sc-EHOje rdt_TableCell sc-bZQynM cxOakP"
                >
                  <div
                    className="react-data-table--cell-content"
                  >
                    <div
                      className="btn-group"
                      onKeyDown={[Function]}
                    >
                      <button
                        aria-expanded={false}
                        aria-haspopup={true}
                        aria-label={null}
                        className="dropdown-toggle btn btn-secondary"
                        onClick={[Function]}
                        type="button"
                      >
                        Transfer
                      </button>
                      <div
                        aria-hidden={true}
                        className="dropdown-menu"
                        role="menu"
                        tabIndex="-1"
                      >
                        <a
                          className="dropdown-item"
                          href=""
                          onClick={[Function]}
                          role="menuitem"
                          tabIndex="0"
                        >
                          Share-to-Share
                        </a>
                        <a
                          className="dropdown-item"
                          href=""
                          onClick={[Function]}
                          role="menuitem"
                          tabIndex="0"
                        >
                          Share-to-Loan
                        </a>
                        <a
                          className="dropdown-item"
                          href=""
                          onClick={[Function]}
                          role="menuitem"
                          tabIndex="0"
                        >
                          Loan-to-Share
                        </a>
                      </div>
                    </div>
                  </div>
                </div>
                <div
                  className="sc-ifAKCX sc-EHOje rdt_TableCell sc-bZQynM cgAqRg"
                >
                  <div
                    className="sc-gzVnrw jltdJX"
                    data-tag="___react-data-table--click-clip___"
                  />
                  <div
                    className="react-data-table--cell-content"
                  >
                    Test Account 7
                  </div>
                </div>
                <div
                  className="sc-ifAKCX sc-EHOje rdt_TableCell sc-bZQynM cgAqRg"
                >
                  <div
                    className="sc-gzVnrw jltdJX"
                    data-tag="___react-data-table--click-clip___"
                  />
                  <div
                    className="react-data-table--cell-content"
                  >
                    $3,230.55
                  </div>
                </div>
              </div>
              <div
                className="rdt_TableRow sc-gqjmRU dGyVpY"
                onClick={[Function]}
              >
                <div
                  className="sc-ifAKCX sc-EHOje rdt_TableCell sc-bZQynM cxOakP"
                >
                  <div
                    className="react-data-table--cell-content"
                  >
                    
                  </div>
                </div>
                <div
                  className="sc-ifAKCX sc-EHOje rdt_TableCell sc-bZQynM cgAqRg"
                >
                  <div
                    className="sc-gzVnrw jltdJX"
                    data-tag="___react-data-table--click-clip___"
                  />
                  <div
                    className="react-data-table--cell-content"
                  >
                    
                  </div>
                </div>
                <div
                  className="sc-ifAKCX sc-EHOje rdt_TableCell sc-bZQynM cgAqRg"
                >
                  <div
                    className="sc-gzVnrw jltdJX"
                    data-tag="___react-data-table--click-clip___"
                  />
                  <div
                    className="react-data-table--cell-content"
                  >
                    $17,512,654.55
                  </div>
                </div>
              </div>
            </div>
          </div>
        </div>
      </div>
    </div>
    <div
      aria-labelledby="react-tabs-2"
      className="react-tabs__tab-panel"
      id="react-tabs-3"
      role="tabpanel"
    />
    <div
      aria-labelledby="react-tabs-4"
      className="react-tabs__tab-panel"
      id="react-tabs-5"
      role="tabpanel"
    />
  </div>
</div>
`;
