// Jest Snapshot v1, https://goo.gl/fbAQLP

exports[`the side navigation component renders correctly 1`] = `
<div
  className="side-nav open"
>
  <div
    className="side-nav-upper"
  >
    <a
      className="active"
    >
      <span
        aria-hidden={true}
        className="fa fa-home fa-lg"
        style={
          Object {
            "color": "gray",
          }
        }
      />
      <label>
        Home Overview
      </label>
    </a>
    <a
      href="/discover/transactions"
    >
      <span
        aria-hidden={true}
        className="fa fa-laptop fa-lg"
        style={
          Object {
            "color": "gray",
          }
        }
      />
      <label>
        Transactions
      </label>
    </a>
    <a>
      <span
        aria-hidden={true}
        className="fa fa-money-bill-alt fa-lg"
        style={
          Object {
            "color": "gray",
          }
        }
      />
      <label>
        Liquidity
      </label>
    </a>
    <a>
      <span
        aria-hidden={true}
        className="fa fa-chart-pie fa-lg"
        style={
          Object {
            "color": "gray",
          }
        }
      />
      <label>
        Investments
      </label>
    </a>
  </div>
  <div
    className="side-nav-lower"
  >
    <label
      className="fast-track-title"
    >
      FastTrack
    </label>
    <a>
      <span
        aria-hidden={true}
        className="fa fa-star fa-lg"
      />
      <label>
        Domestic Wire
      </label>
    </a>
    <a>
      <span
        aria-hidden={true}
        className="fa fa-star fa-lg"
      />
      <label>
        Credit Union Dashboard
      </label>
    </a>
    <a>
      <span
        aria-hidden={true}
        className="fa fa-star fa-lg"
      />
      <label>
        Transaction Review
      </label>
    </a>
    <a>
      <span
        aria-hidden={true}
        className="fa fa-star fa-lg"
      />
      <label>
        ACH
      </label>
    </a>
    <a>
      <span
        aria-hidden={true}
        className="fa fa-star fa-lg"
      />
      <label>
        Coin & Currency Order
      </label>
    </a>
    <a>
      <span
        aria-hidden={true}
        className="fa fa-star fa-lg"
      />
      <label>
        International Wire
      </label>
    </a>
    <a>
      <span
        aria-hidden={true}
        className="fa fa-star fa-lg"
      />
      <label>
        Cash Management
      </label>
    </a>
  </div>
</div>
`;
