// Jest Snapshot v1, https://goo.gl/fbAQLP

exports[`the react data table component renders correctly 1`] = `
<div
  className="border mb-4 sc-ckVGcZ gVZomo"
  style={Object {}}
>
  <div
    className="sc-eNQAEJ fWmJgw"
  >
    <div
      className="rdt_Table sc-bdVaJa bTnnmE"
      disabled={false}
    >
      <div
        className="rdt_TableHead sc-bwzfXH gXdTHx"
      >
        <div
          className="rdt_TableHeadRow sc-bxivhb bojDWV"
        >
          <div
            className="sc-ifAKCX sc-EHOje rdt_TableCol sc-VigVT dwYePf"
            id="column-action"
            onClick={[Function]}
          >
            <div
              className="sc-jTzLTM frKpZh"
            >
              Action
            </div>
          </div>
          <div
            className="sc-ifAKCX sc-EHOje rdt_TableCol sc-VigVT jCkXQs"
            id="column-test"
            onClick={[Function]}
          >
            <div
              className="sc-jTzLTM frKpZh"
            >
              Test
            </div>
          </div>
        </div>
      </div>
      <div
        className="rdt_TableBody sc-dxgOiQ gXekDi"
        offset="250px"
      >
        <div
          className="rdt_TableRow sc-gqjmRU dGyVpY"
          onClick={[Function]}
        >
          <div
            className="sc-ifAKCX sc-EHOje rdt_TableCell sc-bZQynM eLFFxh"
          >
            <div
              className="sc-gzVnrw jltdJX"
              data-tag="___react-data-table--click-clip___"
            />
            <div
              className="react-data-table--cell-content"
            >
              <input
                type="button"
                value="View"
              />
            </div>
          </div>
          <div
            className="sc-ifAKCX sc-EHOje rdt_TableCell sc-bZQynM cgAqRg"
          >
            <div
              className="sc-gzVnrw jltdJX"
              data-tag="___react-data-table--click-clip___"
            />
            <div
              className="react-data-table--cell-content"
            >
              hello
            </div>
          </div>
        </div>
        <div
          className="rdt_TableRow sc-gqjmRU dGyVpY"
          onClick={[Function]}
        >
          <div
            className="sc-ifAKCX sc-EHOje rdt_TableCell sc-bZQynM eLFFxh"
          >
            <div
              className="sc-gzVnrw jltdJX"
              data-tag="___react-data-table--click-clip___"
            />
            <div
              className="react-data-table--cell-content"
            >
              <input
                type="button"
                value="View"
              />
            </div>
          </div>
          <div
            className="sc-ifAKCX sc-EHOje rdt_TableCell sc-bZQynM cgAqRg"
          >
            <div
              className="sc-gzVnrw jltdJX"
              data-tag="___react-data-table--click-clip___"
            />
            <div
              className="react-data-table--cell-content"
            >
              world
            </div>
          </div>
        </div>
      </div>
    </div>
    <footer
      className="rdt_TableFooter sc-htpNat hTSrJn"
    >
      <span
        className="sc-eHgmQL isKPrB"
      >
        Rows per page:
      </span>
      <div
        className="sc-kkGfuU gCeWql"
      >
        <select
          className="sc-kEYyzF cBrcSU"
          defaultValue={15}
          onChange={[Function]}
        >
          <option
            value={10}
          >
            10
          </option>
          <option
            value={15}
          >
            15
          </option>
          <option
            value={20}
          >
            20
          </option>
          <option
            value={25}
          >
            25
          </option>
          <option
            value={30}
          >
            30
          </option>
        </select>
        <svg
          height="24"
          viewBox="0 0 24 24"
          width="24"
          xmlns="http://www.w3.org/2000/svg"
        >
          <path
            d="M7 10l5 5 5-5z"
          />
          <path
            d="M0 0h24v24H0z"
            fill="none"
          />
        </svg>
      </div>
      <span
        className="sc-eHgmQL isKPrB"
      >
        1-2 of 2
      </span>
      <div
        className="sc-hSdWYo hkbPyM"
      >
        <button
          className="sc-iAyFgw bidHYz"
          disabled={true}
          id="pagination-first-page"
          onClick={[Function]}
        >
          <svg
            height="24"
            viewBox="0 0 24 24"
            width="24"
            xmlns="http://www.w3.org/2000/svg"
          >
            <path
              d="M18.41 16.59L13.82 12l4.59-4.59L17 6l-6 6 6 6zM6 6h2v12H6z"
            />
            <path
              d="M24 24H0V0h24v24z"
              fill="none"
            />
          </svg>
        </button>
        <button
          className="sc-iAyFgw bidHYz"
          disabled={true}
          id="pagination-previous-page"
          onClick={[Function]}
        >
          <svg
            height="24"
            viewBox="0 0 24 24"
            width="24"
            xmlns="http://www.w3.org/2000/svg"
          >
            <path
              d="M15.41 7.41L14 6l-6 6 6 6 1.41-1.41L10.83 12z"
            />
            <path
              d="M0 0h24v24H0z"
              fill="none"
            />
          </svg>
        </button>
        <button
          className="sc-iAyFgw bidHYz"
          disabled={true}
          id="pagination-next-page"
          onClick={[Function]}
        >
          <svg
            height="24"
            viewBox="0 0 24 24"
            width="24"
            xmlns="http://www.w3.org/2000/svg"
          >
            <path
              d="M10 6L8.59 7.41 13.17 12l-4.58 4.59L10 18l6-6z"
            />
            <path
              d="M0 0h24v24H0z"
              fill="none"
            />
          </svg>
        </button>
        <button
          className="sc-iAyFgw bidHYz"
          disabled={true}
          id="pagination-last-page"
          onClick={[Function]}
        >
          <svg
            height="24"
            viewBox="0 0 24 24"
            width="24"
            xmlns="http://www.w3.org/2000/svg"
          >
            <path
              d="M5.59 7.41L10.18 12l-4.59 4.59L7 18l6-6-6-6zM16 6h2v12h-2z"
            />
            <path
              d="M0 0h24v24H0V0z"
              fill="none"
            />
          </svg>
        </button>
      </div>
    </footer>
  </div>
</div>
`;
